[pedealgodao.com.br/pages/contatohttps_/pedealgodao.com.br/index.html]
[pedealgodao.com.br/pages/rastreio.html]
[pedealgodao.com.br/collections/index.html]
[pedealgodao.com.br/pages/dicas-de-conservacao.html]
[pedealgodao.com.br/pages/quem-somos.html]
[pedealgodao.com.br/policies/shipping-policy.html]
[pedealgodao.com.br/policies/refund-policy.html]
[pedealgodao.com.br/policies/privacy-policy.html]
[backblue.gif]
[fade.gif]
[index.html]
[pedealgodao.com.br/policies/terms-of-service.html]
[pedealgodao.com.br/gtm5445.js]
[bat.bing.com/bat.js]
[s1.kwai.net/kos/s101/nlav11187/pixel/events.js]
[s16-11187.ap4r.com/kos/s101/nlav11187/pixel/events.js]
[size-charts-relentless.herokuapp.com/css/size-charts-relentless.css]
[pedealgodao.com.br/cdn/shop/files/Favicon_96x963ac4.png]
[pedealgodao.com.br/cdn/shop/t/45/assets/theme.min4c34.css]
[pedealgodao.com.br/cdn/shop/t/45/assets/vendorc854.js]
[pedealgodao.com.br/cdn/shop/t/45/assets/theme.min4c6c.js]
[pedealgodao.com.br/cdn/shop/t/45/assets/twitter-title9d62.js]
[pedealgodao.com.br/cdn/shop/t/45/assets/twitter-description0c54.js]
[cdnjs.cloudflare.com/ajax/libs/font-awesome/6.0.0-beta3/css/all.min.css]
[pedealgodao.com.br/cdn/shop/t/45/assets/custom9740.js]
[pedealgodao.com.br/checkouts/internal/preloads4c33.js]
[cdn.shopify.com/shopifycloud/storefront-forms-hcaptcha/ce_storefront_forms_captcha_hcaptcha.v1.5.2.iife.js]
[pedealgodao.com.br/cdn/shopifycloud/shopify/assets/storefront/load_feature-1060834584ef204397b1179782a1b090047ee4397cb627244ab89e03f65c4307.js]
[pedealgodao.com.br/cdn/shopifycloud/portable-wallets/latest/portable-wallets.pt-br.js]
[d335luupugsy2.cloudfront.net/js/loader-scripts/63e76b71-e088-4b86-a746-4c494b05a150-loader.js]
[pedealgodao.com.br/collections/window.location]
[pedealgodao.com.br/collections/this.href]
[ajax.googleapis.com/ajax/libs/jquery/3.6.0/jquery.min.js]
[connect.facebook.net/en_US/fbevents.js]
[cdn.widde.io/widde.1.1.0d38e.js]
[public.zoorix.com/domains/meu-pet-charmoso.myshopify.com/zoorix.js]
[cdn.shopify.com/extensions/ef8bc49a-fce6-46bd-8177-b554c8b7cb5a/kudosi-ali-reviews-128/assets/alireviews.min.js]
[pedealgodao.com.br/collections/POST.29.delayed]
[pedealgodao.com.br/cdn/s/trekkie.storefront.68728afc2577e1593a48001edcb560128ef43fd2.min.js]
[pedealgodao.com.br/cdn/shopifycloud/shopify/assets/shop_events_listener-bbbf3223c550be0dd72914a2fa06aaa88eb8943e96f9ea31fb63e7e27e0f97f4.js]
[pedealgodao.com.br/cdn/shopifycloud/perf-kit/shopify-perf-kit-1.4.0.min.js]
[code.jquery.com/jquery-3.6.0.min.js]
[pedealgodao.com.br/cdn/shop/files/1_ea447a43-3c46-4be5-b294-7e84b1ef4170_280x6235.png]
[pedealgodao.com.br/collections/sandalia.html]
[pedealgodao.com.br/collections/pantufas.html]
[pedealgodao.com.br/collections/bolsas.html]
[pedealgodao.com.br/collections/meias.html]
[pedealgodao.com.br/collections/frontpage.html]
[pedealgodao.com.br/cdn/shop/products/Sa7e6a5c1345f470b9c7fadd45de0933b2_800x3b92.jpg]
[pedealgodao.com.br/collections/mais-vendidos.html]
[pedealgodao.com.br/cdn/shop/files/sandalia-anatomica-pedealgodao-bege_2_1080x6cb6.jpg]
[pedealgodao.com.br/cdn/shop/products/H63e26f25fd804530b261a902b9615c91T_1000x256d.jpg]
[pedealgodao.com.br/cdn/shop/products/H9eeee48c77d24e4d8374774a9d898b65F_800x2446.jpg]
[pedealgodao.com.br/cdn/shopifycloud/shopify/assets/no-image-2048-5e88c1b20e087fb7bbe9a3771824e743c244f437e4f8ba93bbf7b11b53f7824c_1400x.gif]
[pedealgodao.com.br/collections/rastreio.html]
[pedealgodao.com.br/collections/rastreio-1.html]
[pedealgodao.com.br/collections/tenis-pe-de-algodao.html]
[unpkg.com/ionicons@5.5.2/dist/ionicons/ionicons.esm.js]
[unpkg.com/ionicons@5.5.2/dist/ionicons/ionicons.js]
[pedealgodao.com.br/pages/contato.html]
[cdn.yampi.me/shopify/checkout.css]
[pedealgodao.com.br/collections/meu-pet-charmoso.myshopify.com]
[pedealgodao.com.br/cart/clear.js]
[pedealgodao.com.br/collections/GET.4b.delayed]
[pedealgodao.com.br/collections/window.location.href]
[pedealgodao.com.br/collections/url]
[pedealgodao.com.br/collections/index.html]
[pedealgodao.com.br/pages/window.location]
[pedealgodao.com.br/pages/this.href]
[pedealgodao.com.br/pages/POST]
[empreender.nyc3.cdn.digitaloceanspaces.com/static/RASTREIOPUB/rastreio.js]
[pedealgodao.com.br/pages/meu-pet-charmoso.myshopify.com]
[pedealgodao.com.br/pages/GET]
[pedealgodao.com.br/pages/window.location.href]
[pedealgodao.com.br/pages/url]
[pedealgodao.com.br/pages/rastreio.html]
[pedealgodao.com.br/pages/dicas-de-conservacao.html]
[pedealgodao.com.br/pages/quem-somos.html]
[pedealgodao.com.br/cdn/shopifycloud/shopify/assets/storefront/policy-3e4aa3c07a3a61780d16bc4b828d2fef9e1a20a44aae36e029a7b98e5ee5a4d0.css]
[pedealgodao.com.br/policies/window.59.delayed]
[pedealgodao.com.br/policies/this.href]
[pedealgodao.com.br/policies/POST]
[pedealgodao.com.br/policies/meu-pet-charmoso.myshopify.com]
[pedealgodao.com.br/policies/GET]
[pedealgodao.com.br/policies/window.location.href]
[pedealgodao.com.br/policies/url]
[pedealgodao.com.br/policies/shipping-policy.html]
[pedealgodao.com.br/policies/refund-policy.html]
[pedealgodao.com.br/policies/privacy-policy.html]
[pedealgodao.com.br/policies/terms-of-service.html]
[pedealgodao.com.br/gtm5445.js]
[size-charts-relentless.herokuapp.com/img/ruler1.png]
[size-charts-relentless.herokuapp.com/img/ruler2.png]
[size-charts-relentless.herokuapp.com/img/ruler3.png]
[size-charts-relentless.herokuapp.com/img/ruler4.png]
[size-charts-relentless.herokuapp.com/img/protractor.png]
[size-charts-relentless.herokuapp.com/img/arrows1.png]
[size-charts-relentless.herokuapp.com/img/arrows2.png]
[size-charts-relentless.herokuapp.com/css/size-charts-relentless.css]
[pedealgodao.com.br/cdn/shop/t/45/assets/theme.min4c34.css]
[cdnjs.cloudflare.com/ajax/libs/font-awesome/6.0.0-beta3/css/all.min.css]
[www.googletagmanager.com/gtm5445.html]
[pedealgodao.com.br/collections/window.location]
[pedealgodao.com.br/collections/this.href]
[pedealgodao.com.br/collections/a.67.delayed]
[pedealgodao.com.br/collections/b.resolvedLink]
[pedealgodao.com.br/collections/schema.org/index.html]
[pedealgodao.com.br/signals/iwl.69.delayed]
[connect.facebook.net/en_US/fbevents.js]
[pedealgodao.com.br/collections/POST.html]
[pedealgodao.com.br/collections/sandalia.atom]
[pedealgodao.com.br/collections/sandalia.oembed]
[pedealgodao.com.br/cdn/shop/files/sandalia-anatomica-pedealgodao-preta_2_256x6cb6.jpg]
[pedealgodao.com.br/cdn/shop/files/sandalia-hold-pe-de-algodao-preto_256xa577.jpg]
[pedealgodao.com.br/cdn/shop/files/sandalia-extra-comfort-pedealgodao-branca_256x2c2c.jpg]
[pedealgodao.com.br/cdn/shop/files/chinelo-anatomico-preta_256xed5d.jpg]
[pedealgodao.com.br/cdn/shop/files/sandalia-garden-pedealgodao-preta_256x4434.jpg]
[pedealgodao.com.br/cdn/shop/files/sandalia-clear-pedealgodao-preta_256xdfcd.jpg]
[pedealgodao.com.br/cdn/shop/files/sandalia-partner-pedealgodao-preta_256x6dca.jpg]
[pedealgodao.com.br/cdn/shop/files/S90ccadb44a2d47e8aeb0fe44c3c9aef1Y_256x97e7.jpg]
[gravity-apps.com/variantmanager/js/shopify/showvariantbystore506032948824387.js]
[pedealgodao.com.br/cdn/shop/files/sandalia-anatomica-pedealgodao-bege_2_256x6cb6.jpg]
[pedealgodao.com.br/cdn/shop/files/sandalia-anatomica-pedealgodao-amarela_2_256x7b67.jpg]
[pedealgodao.com.br/cdn/shop/files/sandalia-anatomica-pedealgodao-laranja_2_256x7b67.jpg]
[pedealgodao.com.br/cdn/shop/files/sandalia-anatomica-pedealgodao-rosa_2_256x7b67.jpg]
[pedealgodao.com.br/cdn/shop/files/sandalia-anatomica-pedealgodao-azul_2_256x7b67.jpg]
[pedealgodao.com.br/cdn/shop/files/sandalia-anatomica-pedealgodao-branca_2_256x7b67.jpg]
[pedealgodao.com.br/cdn/shop/files/sandalia-anatomica-pedealgodao-azulclaro_2_256x7b67.jpg]
[pedealgodao.com.br/cdn/shop/files/sandalia-anatomica-pedealgodao-lilas_256x7b67.jpg]
[pedealgodao.com.br/cdn/shop/files/sandalia-hold-pe-de-algodao-laranja_256x42fb.jpg]
[pedealgodao.com.br/cdn/shop/files/sandalia-hold-pe-de-algodao-bege_256xa577.jpg]
[pedealgodao.com.br/cdn/shop/files/sandalia-hold-pe-de-algodao-rosa_256xa577.jpg]
[pedealgodao.com.br/cdn/shop/files/sandalia-hold-pe-de-algodao-verde_256x4e3d.jpg]
[pedealgodao.com.br/cdn/shop/files/sandalia-hold-pe-de-algodao-cinza_256x4e3d.jpg]
[pedealgodao.com.br/cdn/shop/files/sandalia-extra-comfort-pedealgodao-amarela_256x2c2c.jpg]
[pedealgodao.com.br/cdn/shop/files/sandalia-extra-comfort-pedealgodao-azul_256x2c2c.jpg]
[pedealgodao.com.br/cdn/shop/files/sandalia-extra-comfort-pedealgodao-rosa_256x2c2c.jpg]
[pedealgodao.com.br/cdn/shop/files/sandalia-extra-comfort-pedealgodao-verde_256x2c2c.jpg]
[pedealgodao.com.br/cdn/shop/files/chinelo-anatomico-laranja_d10bb734-82dc-47ac-910f-6adc2e07c549_256xed5d.jpg]
[pedealgodao.com.br/cdn/shop/files/chinelo-anatomico-verde_256xed5d.jpg]
[pedealgodao.com.br/cdn/shop/files/chinelo-anatomico-bege_256xed5d.jpg]
[pedealgodao.com.br/cdn/shop/files/chinelo-anatomico-rosa_256xed5d.jpg]
[pedealgodao.com.br/cdn/shop/files/chinelo-anatomico-cinza_2_256xed5d.jpg]
[pedealgodao.com.br/cdn/shop/files/chinelo-anatomico-branca_256xed5d.jpg]
[pedealgodao.com.br/cdn/shop/files/chinelo-anatomico-amarelo_f8732d07-7ce5-4f7a-8b09-f7a4f7409319_256xed5d.jpg]
[pedealgodao.com.br/cdn/shop/files/sandalia-garden-pedealgodao-bege_256x4434.jpg]
[pedealgodao.com.br/cdn/shop/files/sandalia-garden-pedealgodao-pink_256x4434.jpg]
[pedealgodao.com.br/cdn/shop/files/sandalia-garden-pedealgodao-branca_256x4434.jpg]
[pedealgodao.com.br/cdn/shop/files/sandalia-garden-pedealgodao-rosa_256x4434.jpg]
[pedealgodao.com.br/cdn/shop/files/sandalia-clear-pedealgodao-branca_256xdfcd.jpg]
[pedealgodao.com.br/cdn/shop/files/sandalia-clear-pedealgodao-bege_256xdfcd.jpg]
[pedealgodao.com.br/cdn/shop/files/sandalia-clear-pedealgodao-rosa_256xdfcd.jpg]
[pedealgodao.com.br/cdn/shop/files/sandalia-partner-pedealgodao-verde_256x394d.jpg]
[pedealgodao.com.br/cdn/shop/files/sandalia-partner-pedealgodao-bege_256x6dca.jpg]
[pedealgodao.com.br/cdn/shop/files/WhatsApp_Image_2025-02-25_at_09.37.07_256x6dca.jpg]
[pedealgodao.com.br/cdn/shop/files/S4410806dd3a4464ab454a0d915bccd878_256x3c72.jpg]
[pedealgodao.com.br/cdn/shop/files/S66831e17b38348f3a36a7450ba1ddba7y_256x9dc1.jpg]
[pedealgodao.com.br/cdn/shop/products/S7a44776da41a42b685e4c32affc37a08b_256x2710.jpg]
[pedealgodao.com.br/cdn/shop/files/sandalia-anatomica-pedealgodao-preta_2_1080x6cb6.jpg]
[pedealgodao.com.br/cdn/shop/files/sandalia-hold-pe-de-algodao-rosa_1080xa577.jpg]
[pedealgodao.com.br/cdn/shop/files/sandalia-hold-pe-de-algodao-preto_1080xa577.jpg]
[pedealgodao.com.br/cdn/shop/files/sandalia-extra-comfort-pedealgodao-azul_1080x2c2c.jpg]
[pedealgodao.com.br/cdn/shop/files/sandalia-extra-comfort-pedealgodao-branca_1080x2c2c.jpg]
[pedealgodao.com.br/cdn/shop/files/chinelo-anatomico-laranja_d10bb734-82dc-47ac-910f-6adc2e07c549_1080xed5d.jpg]
[pedealgodao.com.br/cdn/shop/files/chinelo-anatomico-preta_1080xed5d.jpg]
[pedealgodao.com.br/cdn/shop/files/sandalia-garden-pedealgodao-rosa_1080x4434.jpg]
[pedealgodao.com.br/cdn/shop/files/sandalia-garden-pedealgodao-preta_1080x4434.jpg]
[pedealgodao.com.br/cdn/shop/files/sandalia-clear-pedealgodao-branca_1080xdfcd.jpg]
[pedealgodao.com.br/cdn/shop/files/sandalia-clear-pedealgodao-preta_1080xdfcd.jpg]
[pedealgodao.com.br/cdn/shop/files/sandalia-partner-pedealgodao-verde_1080x394d.jpg]
[pedealgodao.com.br/cdn/shop/files/sandalia-partner-pedealgodao-preta_1080x6dca.jpg]
[pedealgodao.com.br/cdn/shop/products/S7a44776da41a42b685e4c32affc37a08b_800x2710.jpg]
[pedealgodao.com.br/cdn/shop/files/S90ccadb44a2d47e8aeb0fe44c3c9aef1Y_800x97e7.jpg]
[pedealgodao.com.br/collections/sandalia.html]
[pedealgodao.com.br/collections/pantufas.atom]
[pedealgodao.com.br/collections/pantufas.oembed]
[pedealgodao.com.br/cdn/shop/products/H4ab13090b90c4028aae93d1727bbd070S_256x2446.jpg]
[pedealgodao.com.br/cdn/shop/products/Sadfc4e5abd68469b9375301f4fe35fbc7_256x9bf8.jpg]
[pedealgodao.com.br/cdn/shop/files/S2402ff8bd3c74ac4a6a01fa8e7c421d1p_256x4ca5.jpg]
[pedealgodao.com.br/cdn/shop/files/S3d7e5882c5564f46b7d96ab732217ed25_256xad15.jpg]
[pedealgodao.com.br/cdn/shop/products/H7b4fa0c19ac240f586a10fbbdb22f3e0E_256x2446.jpg]
[pedealgodao.com.br/cdn/shop/products/H6db30aad76114a25bfb6043e1d8c8627Q_256x2446.jpg]
[pedealgodao.com.br/cdn/shop/products/H7529764c8115412cb5024d847916b36fB_256x2446.jpg]
[pedealgodao.com.br/cdn/shop/products/H3bbe2181f3f944a6a2ca70f4c9edd2c7u_256x2446.jpg]
[pedealgodao.com.br/cdn/shop/products/H3c9ebfab93b64baab503a98a4bbe6cefx_256x2446.jpg]
[pedealgodao.com.br/cdn/shop/products/S011c37b160bb4d25addbbde783878f18T_256x9bf8.jpg]
[pedealgodao.com.br/cdn/shop/products/Sedf3a0816dbb4d629b19888b0f2fff5dZ_256x9bf8.jpg]
[pedealgodao.com.br/cdn/shop/products/S8b759aa03a4f48699d52d2694664538eV_256x9bf8.jpg]
[pedealgodao.com.br/cdn/shop/files/Scf918ff3eb4946f697409ac37e7a222ft_256x4ca5.jpg]
[pedealgodao.com.br/cdn/shop/files/S5ef7f6b90cc74b539c7ced104ba0a5191_256x4ca5.jpg]
[pedealgodao.com.br/cdn/shop/files/Sdab9f8e27169424aae1d7507f48e5330C_256x48e0.jpg]
[pedealgodao.com.br/cdn/shop/products/S8d2c14cdba684b52b2bc2eb9f001d4f8w_256x7b7b.jpg]
[pedealgodao.com.br/cdn/shop/files/Se1aa6e8346d8412a873efa0b8a57dd0b6_256x6b36.jpg]
[pedealgodao.com.br/cdn/shop/files/S23e7d7fece62498fa9b28689e545431fD_256xf083.jpg]
[pedealgodao.com.br/cdn/shop/files/S97d27890e9544e5087995c94675b2474B_256x4308.jpg]
[pedealgodao.com.br/cdn/shop/products/H9eeee48c77d24e4d8374774a9d898b65F_256x2446.jpg]
[pedealgodao.com.br/cdn/shop/files/Designsemnome_cadba136-0940-4c56-a81f-45f3e1db0bc2_256x4ca5.jpg]
[pedealgodao.com.br/cdn/shop/products/H4ab13090b90c4028aae93d1727bbd070S_800x2446.jpg]
[pedealgodao.com.br/cdn/shop/products/S011c37b160bb4d25addbbde783878f18T_800x9bf8.jpg]
[pedealgodao.com.br/cdn/shop/products/Sadfc4e5abd68469b9375301f4fe35fbc7_800x9bf8.jpg]
[pedealgodao.com.br/cdn/shop/files/Designsemnome_cadba136-0940-4c56-a81f-45f3e1db0bc2_1080x4ca5.jpg]
[pedealgodao.com.br/cdn/shop/files/S2402ff8bd3c74ac4a6a01fa8e7c421d1p_800x4ca5.jpg]
[pedealgodao.com.br/cdn/shop/products/S8d2c14cdba684b52b2bc2eb9f001d4f8w_800x7b7b.jpg]
[pedealgodao.com.br/cdn/shop/files/S3d7e5882c5564f46b7d96ab732217ed25_800xad15.jpg]
[pedealgodao.com.br/collections/pantufas.html]
[pedealgodao.com.br/collections/bolsas.atom]
[pedealgodao.com.br/collections/bolsas.oembed]
[pedealgodao.com.br/cdn/shop/products/S5b3446e4817a439197eec80bb66cd90bt_256x0ebc.jpg]
[pedealgodao.com.br/cdn/shop/products/H3ab4630eee984131a5213452a01ab64dh_256x806e.jpg]
[pedealgodao.com.br/cdn/shop/products/S5d5783e3417e4a93b185c3ec949b6823c_256xac6a.jpg]
[pedealgodao.com.br/cdn/shop/products/1_e96d2d8a-1be1-4ebc-ab90-49b0d1d6e0c3_256xecf7.jpg]
[pedealgodao.com.br/cdn/shop/products/Sc89215ce4e6d4d2baa0cc10f981fb1a3u_256x6369.jpg]
[pedealgodao.com.br/cdn/shop/products/4_a2bb2448-acd7-4738-8cd5-0649e0b582e1_256x016b.jpg]
[pedealgodao.com.br/cdn/shop/products/Sa7e6a5c1345f470b9c7fadd45de0933b2_256x3b92.jpg]
[pedealgodao.com.br/cdn/shop/products/S5c591da2d4f846afb4132e37c5651e20y_256x0ebc.jpg]
[pedealgodao.com.br/cdn/shop/products/Hb1ca566912104f87b0cabaa2d293ae09p_256x806e.jpg]
[pedealgodao.com.br/cdn/shop/products/H8b3cdbde47e749e280831e7902ba14ceU_256x806e.jpg]
[pedealgodao.com.br/cdn/shop/products/Hfa5c417dc0164830adca8b12bfde79c6l_256x3263.jpg]
[pedealgodao.com.br/cdn/shop/products/He54109c9ca014e3eb080008a1285c7aeD_256x3263.jpg]
[pedealgodao.com.br/cdn/shop/products/S2b28b86a76424095a35dcc752a8d9894I_256xac6a.jpg]
[pedealgodao.com.br/cdn/shop/products/Sa7bd21aa16cc42c3ad7264ead34cb97cG_256xac6a.jpg]
[pedealgodao.com.br/cdn/shop/products/Scaeab098a04740fa990108dbab333456D_256xac6a.jpg]
[pedealgodao.com.br/cdn/shop/products/S788f76b1af0a442e96b77b63c862fd327_256xac6a.jpg]
[pedealgodao.com.br/cdn/shop/products/Sc2bfe835e7c5460bac5c892d24ae5bb4r_256xac6a.jpg]
[pedealgodao.com.br/cdn/shop/products/S5f02724536cc4d248bae63dd72c4e944q_256xac6a.jpg]
[pedealgodao.com.br/cdn/shop/products/Scf060dfe38b24b68b7fe38073e263097t_256xac6a.jpg]
[pedealgodao.com.br/cdn/shop/products/Sd515318181ce4cdb813e58dccd9e63f5k_256xac6a.jpg]
[pedealgodao.com.br/cdn/shop/products/Sbe63e7e79607414babaaff210dfa92c3m_256xac6a.jpg]
[pedealgodao.com.br/cdn/shop/products/Saca466e9ef994a4bb3c86658b2ed0269a_256xac6a.jpg]
[pedealgodao.com.br/cdn/shop/products/S65f3a7f1824e4258881016fe85ef027ak_256xac6a.jpg]
[pedealgodao.com.br/cdn/shop/products/S7b72b3cf2ccb4e6e9716c4db05ab6fd8x_256xac6a.jpg]
[pedealgodao.com.br/cdn/shop/products/Saeb2d21b210d47cd97edf3340140f422Q_256xac6a.jpg]
[pedealgodao.com.br/cdn/shop/products/3_321d0ce9-c9b6-4945-a326-882b676c1289_256xecf7.jpg]
[pedealgodao.com.br/cdn/shop/products/Sfe357ab95a044c63b16d4d26fb733a59l_256x6369.jpg]
[pedealgodao.com.br/cdn/shop/products/S337fc532ec334ac39c53b6288368cea7V_256x6369.jpg]
[pedealgodao.com.br/cdn/shop/products/Se60289d370fc4706a259964bd6c2eba1r_256x6369.jpg]
[pedealgodao.com.br/cdn/shop/products/S40a9bf39eb5d47bbbea9c23f4824c32fB_256x6369.jpg]
[pedealgodao.com.br/cdn/shop/products/2_b0864918-f855-4cf6-b1f7-f7eb9ac7c813_256x016b.jpg]
[pedealgodao.com.br/cdn/shop/products/S5b3446e4817a439197eec80bb66cd90bt_800x0ebc.jpg]
[pedealgodao.com.br/cdn/shop/products/H8b3cdbde47e749e280831e7902ba14ceU_800x806e.jpg]
[pedealgodao.com.br/cdn/shop/products/H3ab4630eee984131a5213452a01ab64dh_800x806e.jpg]
[pedealgodao.com.br/cdn/shop/products/S2b28b86a76424095a35dcc752a8d9894I_750xac6a.jpg]
[pedealgodao.com.br/cdn/shop/products/S5d5783e3417e4a93b185c3ec949b6823c_750xac6a.jpg]
[pedealgodao.com.br/cdn/shop/products/3_321d0ce9-c9b6-4945-a326-882b676c1289_1080xecf7.jpg]
[pedealgodao.com.br/cdn/shop/products/1_e96d2d8a-1be1-4ebc-ab90-49b0d1d6e0c3_1080xecf7.jpg]
[pedealgodao.com.br/cdn/shop/products/Sfe357ab95a044c63b16d4d26fb733a59l_1000x6369.jpg]
[pedealgodao.com.br/cdn/shop/products/Sc89215ce4e6d4d2baa0cc10f981fb1a3u_1000x6369.jpg]
[pedealgodao.com.br/cdn/shop/products/2_b0864918-f855-4cf6-b1f7-f7eb9ac7c813_1080x016b.jpg]
[pedealgodao.com.br/cdn/shop/products/4_a2bb2448-acd7-4738-8cd5-0649e0b582e1_1080x016b.jpg]
[pedealgodao.com.br/collections/bolsas.html]
[pedealgodao.com.br/collections/meias.atom]
[pedealgodao.com.br/collections/meias.oembed]
[pedealgodao.com.br/cdn/shop/products/H65751ea5490444ed95a5cbefeb202fedL_256x256d.jpg]
[pedealgodao.com.br/cdn/shop/files/Sb7245bdf88434a81be570d6638451950u_256xb817.jpg]
[pedealgodao.com.br/cdn/shop/products/H7e612453055d4f03a66c00d794998b5af_256x9f2d.jpg]
[pedealgodao.com.br/cdn/shop/products/H4e5777d241e6439b86b1ddd18f1ec69fz_256xb033.jpg]
[pedealgodao.com.br/cdn/shop/products/H0e5f53ab12994a769d39c39e048702b0P_256x2759.jpg]
[pedealgodao.com.br/cdn/shop/files/Hed62e5d07f6147ef9149bb005b01620ck_256x7040.jpg]
[pedealgodao.com.br/cdn/shop/files/H156bb65f087c4215a7faeb37b1e39c9dS_256x3f71.jpg]
[pedealgodao.com.br/cdn/shop/products/H63e26f25fd804530b261a902b9615c91T_256x256d.jpg]
[pedealgodao.com.br/cdn/shop/files/S9d7737eae9fe4495aafd69c7009e377cs_256x0a5e.jpg]
[pedealgodao.com.br/cdn/shop/products/Hcf2138a694254e2b851a6820f7524b8c1_256x9f2d.jpg]
[pedealgodao.com.br/cdn/shop/products/Hf67afdc25114461ca57e276304a7cecb7_256xf0ea.jpg]
[pedealgodao.com.br/cdn/shop/products/Ha6cf88ad53c84d368db6db9c6edc1dee5_256x2759.jpg]
[pedealgodao.com.br/cdn/shop/files/H241cf77c21e74d0a8fe5aaf284a6c02cm_256x448e.jpg]
[pedealgodao.com.br/cdn/shop/products/S404c4cb33473499db218cd2a5ac744a0d_256xb5c5.jpg]
[pedealgodao.com.br/cdn/shop/products/H16b7dcfec5124d158b7f151293f5b0c0U_256xa6ac.jpg]
[pedealgodao.com.br/cdn/shop/products/H609da08eaf7d4fac9b2b150ef13dfc30D_256xb5a5.jpg]
[pedealgodao.com.br/cdn/shop/products/H65751ea5490444ed95a5cbefeb202fedL_1000x256d.jpg]
[pedealgodao.com.br/cdn/shop/products/S404c4cb33473499db218cd2a5ac744a0d_1024xb5c5.jpg]
[pedealgodao.com.br/cdn/shop/files/Sb7245bdf88434a81be570d6638451950u_1200xb817.jpg]
[pedealgodao.com.br/cdn/shop/products/Hcf2138a694254e2b851a6820f7524b8c1_800x9f2d.jpg]
[pedealgodao.com.br/cdn/shop/products/H7e612453055d4f03a66c00d794998b5af_800x9f2d.jpg]
[pedealgodao.com.br/cdn/shop/products/Hf67afdc25114461ca57e276304a7cecb7_800xf0ea.jpg]
[pedealgodao.com.br/cdn/shop/products/H4e5777d241e6439b86b1ddd18f1ec69fz_800xb033.jpg]
[pedealgodao.com.br/cdn/shop/products/Ha6cf88ad53c84d368db6db9c6edc1dee5_800x2759.jpg]
[pedealgodao.com.br/cdn/shop/products/H0e5f53ab12994a769d39c39e048702b0P_800x2759.jpg]
[pedealgodao.com.br/cdn/shop/products/H16b7dcfec5124d158b7f151293f5b0c0U_800xa6ac.jpg]
[pedealgodao.com.br/cdn/shop/files/Hed62e5d07f6147ef9149bb005b01620ck_800x7040.jpg]
[pedealgodao.com.br/cdn/shop/products/H609da08eaf7d4fac9b2b150ef13dfc30D_933xb5a5.jpg]
[pedealgodao.com.br/cdn/shop/files/H156bb65f087c4215a7faeb37b1e39c9dS_900x3f71.jpg]
[pedealgodao.com.br/collections/meias.html]
[pedealgodao.com.br/collections/frontpage.atom]
[pedealgodao.com.br/collections/frontpage.oembed]
[pedealgodao.com.br/collections/frontpage.html]
[pedealgodao.com.br/collections/all.html]
[pedealgodao.com.br/collections/mais-vendidos.atom]
[pedealgodao.com.br/collections/mais-vendidos.oembed]
[pedealgodao.com.br/collections/mais-vendidos.html]
[pedealgodao.com.br/collections/rastreio.atom]
[pedealgodao.com.br/collections/rastreio.oembed]
[pedealgodao.com.br/collections/rastreio.html]
[pedealgodao.com.br/collections/rastreio-1.atom]
[pedealgodao.com.br/collections/rastreio-1.oembed]
[pedealgodao.com.br/collections/rastreio-1.html]
[pedealgodao.com.br/collections/tenis-pe-de-algodao.atom]
[pedealgodao.com.br/collections/tenis-pe-de-algodao.oembed]
[pedealgodao.com.br/collections/tenis-pe-de-algodao.html]
[pedealgodao.com.br/pages/contato.html]
[cdn.yampi.me/shopify/checkout.css]
[pedealgodao.com.br/collections/meu-pet-charmoso.myshopify.com]
[pedealgodao.com.br/collections/GET.html]
[pedealgodao.com.br/cart/add.js]
[pedealgodao.com.br/collections/window.location.href]
[pedealgodao.com.br/collections/url.html]
[pedealgodao.com.br/pages/window.location]
[pedealgodao.com.br/pages/this.href]
[pedealgodao.com.br/pages/POST.html]
[pedealgodao.com.br/pages/meu-pet-charmoso.myshopify.com]
[pedealgodao.com.br/pages/GET.html]
[pedealgodao.com.br/pages/window.location.href]
[pedealgodao.com.br/pages/url.html]
[pedealgodao.com.br/cdn/shopifycloud/shopify/assets/storefront/policy-3e4aa3c07a3a61780d16bc4b828d2fef9e1a20a44aae36e029a7b98e5ee5a4d0.css]
[pedealgodao.com.br/policies/window.location]
[pedealgodao.com.br/policies/this.href]
[pedealgodao.com.br/policies/POST.html]
[pedealgodao.com.br/policies/meu-pet-charmoso.myshopify.com]
[pedealgodao.com.br/policies/GET.html]
[pedealgodao.com.br/policies/window.location.href]
[pedealgodao.com.br/policies/url.html]
[pedealgodao.com.br/collections/a.html]
[pedealgodao.com.br/collections/schema.org/index.html]
[pedealgodao.com.br/collections/b.resolvedLink]
[pedealgodao.com.br/signals/iwl.js]
[pedealgodao.com.br/collections/all.atom]
[pedealgodao.com.br/collections/all4658.html]
[pedealgodao.com.br/cdn/shop/files/H550fe05e6c144285bb45ce2f36c8d233d_256x09c5.jpg]
[pedealgodao.com.br/cdn/shop/products/S8b8f392341fc4d769d4f7ee6de69db24p_256x410b.jpg]
[pedealgodao.com.br/cdn/shop/products/H2c8e8ba463934540bcbf32e71240388co_256xd6c7.jpg]
[pedealgodao.com.br/cdn/shop/products/3_f35ceadf-d8b9-4b58-9422-a890a2c60a3b_256x7abe.png]
[pedealgodao.com.br/cdn/shop/products/H6df5421822524aaab7ad3e53ef21cfa9X_256xf972.jpg]
[pedealgodao.com.br/cdn/shop/products/Hef4aea36cb9e48edaa96add1689fabe5M_256x12dd.jpg]
[pedealgodao.com.br/cdn/shop/files/H69f1ac95919b420aa9e74b5831f7c424N_256x0357.jpg]
[pedealgodao.com.br/cdn/shop/files/H01f92b9d0726453cb45d35471d0f56b8Z_256xc42a.jpg]
[pedealgodao.com.br/cdn/shop/files/H911bdcd8153846dcb4109a4b7c272a4bS_256xcacc.jpg]
[pedealgodao.com.br/cdn/shop/files/Hf603640e874b4297a0687dd069871c3aI_256x548e.jpg]
[pedealgodao.com.br/cdn/shop/products/S241dca759ae24d299007c3b85650b6654_256x410b.jpg]
[pedealgodao.com.br/cdn/shop/products/S78c933fe1e5b4dcdbd0b44daaf4271dfe_256x410b.jpg]
[pedealgodao.com.br/cdn/shop/products/Se265594081f44e64a6279c65ab5f2492z_256x410b.jpg]
[pedealgodao.com.br/cdn/shop/products/Hd7cdf2aaddc74673b7d32bd360654535O_256xd6c7.jpg]
[pedealgodao.com.br/cdn/shop/products/H086637cff96d462d90e4df849b87cf9aL_256xd6c7.jpg]
[pedealgodao.com.br/cdn/shop/products/Hfe0ab890dd344f3f8d2b2a5aefda42b51_256xd6c7.jpg]
[pedealgodao.com.br/cdn/shop/products/Hef25091e4bf2467aaa92116851f380fac_256xd6c7.jpg]
[pedealgodao.com.br/cdn/shop/products/H017eedeced404e8e9aad8b33e129b604v_256xd6c7.jpg]
[pedealgodao.com.br/cdn/shop/products/Haf371018e5ee4cd3835b68ac85e7b79cg_256xd6c7.jpg]
[pedealgodao.com.br/cdn/shop/products/Hfbe000699d2e4661b60b3420fdfd2223e_256xd6c7.jpg]
[pedealgodao.com.br/cdn/shop/products/1_0835b53b-12cd-466e-bba2-9a5881f50767_256x7abe.png]
[pedealgodao.com.br/cdn/shop/products/2_7e1a4991-a6bd-43a0-813f-be77d9de7e2e_256x7abe.png]
[pedealgodao.com.br/cdn/shop/products/4_1641cb68-ac1c-40e5-a917-395d7b41ba2b_256x7abe.png]
[pedealgodao.com.br/cdn/shop/products/7_3fe60b22-28c3-409f-9873-8ab07dd60dd5_256x7abe.png]
[pedealgodao.com.br/cdn/shop/products/6_95c06c3b-f0d0-4ffb-869b-b9aadb67dadc_256x7abe.png]
[pedealgodao.com.br/cdn/shop/products/5_76d58fa6-b2a5-4633-b218-533805e018f0_256x7abe.png]
[pedealgodao.com.br/cdn/shop/products/H5c176dfe8aad433b95bb84046ab6c809T_256xf972.jpg]
[pedealgodao.com.br/cdn/shop/products/H529f4d16c8934b75a42199bf94d3b814e_256xf972.jpg]
[pedealgodao.com.br/cdn/shop/products/H5724d55b333f43ffa0a64659ca72d29ex_256xf972.jpg]
[pedealgodao.com.br/cdn/shop/products/H8cbcb7eadd364bc0a486d7e25c71cd39I_256xf972.jpg]
[pedealgodao.com.br/cdn/shop/products/Hcac28b827e584055a33cd76f87892ee96_256x12dd.jpg]
[pedealgodao.com.br/cdn/shop/products/H58c999fae7374c138280c95b73dadfa6m_256x12dd.jpg]
[pedealgodao.com.br/cdn/shop/products/Hf9f5a677786d4b5b92454db963f05a4bL_256x468e.jpg]
[pedealgodao.com.br/cdn/shop/products/He05ad503e59743a69d4a65f0b3a27578V_256xd6c7.jpg]
[pedealgodao.com.br/cdn/shop/products/H5c176dfe8aad433b95bb84046ab6c809T-removebg-preview_256xf972.png]
[pedealgodao.com.br/cdn/shop/products/He420946fc9704ac59d55e6e800704700e_256x12dd.jpg]
[pedealgodao.com.br/collections/all.html]
[pedealgodao.com.br/collections/all9ba9.html]
[pedealgodao.com.br/collections/all2679.html]
[pedealgodao.com.br/cdn/shop/products/Hf9f5a677786d4b5b92454db963f05a4bL_800x468e.jpg]
[pedealgodao.com.br/cdn/shop/files/H550fe05e6c144285bb45ce2f36c8d233d_800x09c5.jpg]
[pedealgodao.com.br/cdn/shop/products/S241dca759ae24d299007c3b85650b6654_800x410b.jpg]
[pedealgodao.com.br/cdn/shop/products/S8b8f392341fc4d769d4f7ee6de69db24p_800x410b.jpg]
[pedealgodao.com.br/cdn/shop/products/He05ad503e59743a69d4a65f0b3a27578V_800xd6c7.jpg]
[pedealgodao.com.br/cdn/shop/products/H2c8e8ba463934540bcbf32e71240388co_800xd6c7.jpg]
[pedealgodao.com.br/cdn/shop/products/2_7e1a4991-a6bd-43a0-813f-be77d9de7e2e_800x7abe.png]
[pedealgodao.com.br/cdn/shop/products/3_f35ceadf-d8b9-4b58-9422-a890a2c60a3b_800x7abe.png]
[pedealgodao.com.br/cdn/shop/products/H5c176dfe8aad433b95bb84046ab6c809T-removebg-preview_500xf972.png]
[pedealgodao.com.br/cdn/shop/products/H6df5421822524aaab7ad3e53ef21cfa9X_800xf972.jpg]
[pedealgodao.com.br/collections/all4658.html]
[pedealgodao.com.br/cdn/shop/products/He420946fc9704ac59d55e6e800704700e_800x12dd.jpg]
[pedealgodao.com.br/cdn/shop/products/Hef4aea36cb9e48edaa96add1689fabe5M_800x12dd.jpg]
[pedealgodao.com.br/collections/all9ba9.html]
[pedealgodao.com.br/collections/all2679.html]
